[combatendo-a-dengue-boprbru.gamma.site/index.html]
[backblue.gif]
[fade.gif]
[index.html]
[combatendo-a-dengue-boprbru.gamma.site/_next/static/css/7f1bf32feb6a8541.css]
[combatendo-a-dengue-boprbru.gamma.site/_next/static/css/c5909dc245a8df8d.css]
[combatendo-a-dengue-boprbru.gamma.site/_next/static/chunks/polyfills-78c92fac7aa8fdd8.js]
[combatendo-a-dengue-boprbru.gamma.site/_next/static/chunks/webpack-1b0fd96e17ccf77c.js]
[combatendo-a-dengue-boprbru.gamma.site/_next/static/chunks/framework-2f78ac0a0f267d65.js]
[combatendo-a-dengue-boprbru.gamma.site/_next/static/chunks/main-9017a88c46c7a2eb.js]
[combatendo-a-dengue-boprbru.gamma.site/_next/static/chunks/pages/_app-c4482e5d57b7a6a9.js]
[combatendo-a-dengue-boprbru.gamma.site/_next/static/chunks/5adc83ef-8e07286a1a4aed9b.js]
[combatendo-a-dengue-boprbru.gamma.site/_next/static/chunks/93656207-8e4c518ff255da20.js]
[combatendo-a-dengue-boprbru.gamma.site/_next/static/chunks/69bd6bf3-583fd1786d6463f8.js]
[combatendo-a-dengue-boprbru.gamma.site/_next/static/chunks/b4d7d80c-da42a3086aafde9e.js]
[combatendo-a-dengue-boprbru.gamma.site/_next/static/chunks/ad54e6ef-6fc63f30e1d3513e.js]
[combatendo-a-dengue-boprbru.gamma.site/_next/static/chunks/8c469d57-15109969c63e1543.js]
[combatendo-a-dengue-boprbru.gamma.site/_next/static/chunks/2edb282b-a83f7ffd007bccf0.js]
[combatendo-a-dengue-boprbru.gamma.site/_next/static/chunks/998ccc15-ad35dfdb33c695e6.js]
[combatendo-a-dengue-boprbru.gamma.site/_next/static/chunks/b13ba9de-11ef9f2e07c3e310.js]
[combatendo-a-dengue-boprbru.gamma.site/_next/static/chunks/91bbf309-384c42be65e3e52b.js]
[combatendo-a-dengue-boprbru.gamma.site/_next/static/chunks/b155a556-fcae5884b6180690.js]
[combatendo-a-dengue-boprbru.gamma.site/_next/static/chunks/d08a6a05-d92448afdf309bb8.js]
[combatendo-a-dengue-boprbru.gamma.site/_next/static/chunks/9b583bcd-f8f16bc96d67efb2.js]
[combatendo-a-dengue-boprbru.gamma.site/_next/static/chunks/1035ef44-e4d66d81a61710cd.js]
[combatendo-a-dengue-boprbru.gamma.site/_next/static/chunks/b779bb5e-28b0d806a81f2318.js]
[combatendo-a-dengue-boprbru.gamma.site/_next/static/chunks/a29ae703-46d951b11c376d36.js]
[combatendo-a-dengue-boprbru.gamma.site/_next/static/chunks/2931-2292d62c045698d8.js]
[combatendo-a-dengue-boprbru.gamma.site/_next/static/chunks/2826-4d137e614a04220a.js]
[combatendo-a-dengue-boprbru.gamma.site/_next/static/chunks/pages/published/[docId]-d648d31c4218190f.js]
[combatendo-a-dengue-boprbru.gamma.site/_next/static/-R2JWmjTJLPL_eYy9sAax/_buildManifest.js]
[combatendo-a-dengue-boprbru.gamma.site/_next/static/-R2JWmjTJLPL_eYy9sAax/_ssgManifest.js]
[combatendo-a-dengue-boprbru.gamma.site/_next/static/media/GammaLogoGradient.43edb67f.svg]
[combatendo-a-dengue-boprbru.gamma.site/syllab.ai]
[combatendo-a-dengue-boprbru.gamma.site/index.html]
[combatendo-a-dengue-boprbru.gamma.site/_next/static/media/KaTeX_AMS-Regular.a79f1c31.woff2]
[combatendo-a-dengue-boprbru.gamma.site/_next/static/media/KaTeX_AMS-Regular.1608a09b.woff]
[combatendo-a-dengue-boprbru.gamma.site/_next/static/media/KaTeX_AMS-Regular.4aafdb68.ttf]
[combatendo-a-dengue-boprbru.gamma.site/_next/static/media/KaTeX_Caligraphic-Bold.ec17d132.woff2]
[combatendo-a-dengue-boprbru.gamma.site/_next/static/media/KaTeX_Caligraphic-Bold.b6770918.woff]
[combatendo-a-dengue-boprbru.gamma.site/_next/static/media/KaTeX_Caligraphic-Bold.cce5b8ec.ttf]
[combatendo-a-dengue-boprbru.gamma.site/_next/static/media/KaTeX_Caligraphic-Regular.55fac258.woff2]
[combatendo-a-dengue-boprbru.gamma.site/_next/static/media/KaTeX_Caligraphic-Regular.dad44a7f.woff]
[combatendo-a-dengue-boprbru.gamma.site/_next/static/media/KaTeX_Caligraphic-Regular.07ef19e7.ttf]
[combatendo-a-dengue-boprbru.gamma.site/_next/static/media/KaTeX_Fraktur-Bold.d42a5579.woff2]
[combatendo-a-dengue-boprbru.gamma.site/_next/static/media/KaTeX_Fraktur-Bold.9f256b85.woff]
[combatendo-a-dengue-boprbru.gamma.site/_next/static/media/KaTeX_Fraktur-Bold.b18f59e1.ttf]
[combatendo-a-dengue-boprbru.gamma.site/_next/static/media/KaTeX_Fraktur-Regular.d3c882a6.woff2]
[combatendo-a-dengue-boprbru.gamma.site/_next/static/media/KaTeX_Fraktur-Regular.7c187121.woff]
[combatendo-a-dengue-boprbru.gamma.site/_next/static/media/KaTeX_Fraktur-Regular.ed38e79f.ttf]
[combatendo-a-dengue-boprbru.gamma.site/_next/static/media/KaTeX_Main-Bold.c3fb5ac2.woff2]
[combatendo-a-dengue-boprbru.gamma.site/_next/static/media/KaTeX_Main-Bold.d181c465.woff]
[combatendo-a-dengue-boprbru.gamma.site/_next/static/media/KaTeX_Main-Bold.b74a1a8b.ttf]
[combatendo-a-dengue-boprbru.gamma.site/_next/static/media/KaTeX_Main-BoldItalic.6f2bb1df.woff2]
[combatendo-a-dengue-boprbru.gamma.site/_next/static/media/KaTeX_Main-BoldItalic.e3f82f9d.woff]
[combatendo-a-dengue-boprbru.gamma.site/_next/static/media/KaTeX_Main-BoldItalic.70d8b0a5.ttf]
[combatendo-a-dengue-boprbru.gamma.site/_next/static/media/KaTeX_Main-Italic.8916142b.woff2]
[combatendo-a-dengue-boprbru.gamma.site/_next/static/media/KaTeX_Main-Italic.9024d815.woff]
[combatendo-a-dengue-boprbru.gamma.site/_next/static/media/KaTeX_Main-Italic.47373d1e.ttf]
[combatendo-a-dengue-boprbru.gamma.site/_next/static/media/KaTeX_Main-Regular.0462f03b.woff2]
[combatendo-a-dengue-boprbru.gamma.site/_next/static/media/KaTeX_Main-Regular.7f51fe03.woff]
[combatendo-a-dengue-boprbru.gamma.site/_next/static/media/KaTeX_Main-Regular.b7f8fe9b.ttf]
[combatendo-a-dengue-boprbru.gamma.site/_next/static/media/KaTeX_Math-BoldItalic.572d331f.woff2]
[combatendo-a-dengue-boprbru.gamma.site/_next/static/media/KaTeX_Math-BoldItalic.f1035d8d.woff]
[combatendo-a-dengue-boprbru.gamma.site/_next/static/media/KaTeX_Math-BoldItalic.a879cf83.ttf]
[combatendo-a-dengue-boprbru.gamma.site/_next/static/media/KaTeX_Math-Italic.f28c23ac.woff2]
[combatendo-a-dengue-boprbru.gamma.site/_next/static/media/KaTeX_Math-Italic.5295ba48.woff]
[combatendo-a-dengue-boprbru.gamma.site/_next/static/media/KaTeX_Math-Italic.939bc644.ttf]
[combatendo-a-dengue-boprbru.gamma.site/_next/static/media/KaTeX_SansSerif-Bold.8c5b5494.woff2]
[combatendo-a-dengue-boprbru.gamma.site/_next/static/media/KaTeX_SansSerif-Bold.bf59d231.woff]
[combatendo-a-dengue-boprbru.gamma.site/_next/static/media/KaTeX_SansSerif-Bold.94e1e8dc.ttf]
[combatendo-a-dengue-boprbru.gamma.site/_next/static/media/KaTeX_SansSerif-Italic.3b1e59b3.woff2]
[combatendo-a-dengue-boprbru.gamma.site/_next/static/media/KaTeX_SansSerif-Italic.7c9bc82b.woff]
[combatendo-a-dengue-boprbru.gamma.site/_next/static/media/KaTeX_SansSerif-Italic.b4c20c84.ttf]
[combatendo-a-dengue-boprbru.gamma.site/_next/static/media/KaTeX_SansSerif-Regular.ba21ed5f.woff2]
[combatendo-a-dengue-boprbru.gamma.site/_next/static/media/KaTeX_SansSerif-Regular.74048478.woff]
[combatendo-a-dengue-boprbru.gamma.site/_next/static/media/KaTeX_SansSerif-Regular.d4d7ba48.ttf]
[combatendo-a-dengue-boprbru.gamma.site/_next/static/media/KaTeX_Script-Regular.03e9641d.woff2]
[combatendo-a-dengue-boprbru.gamma.site/_next/static/media/KaTeX_Script-Regular.07505710.woff]
[combatendo-a-dengue-boprbru.gamma.site/_next/static/media/KaTeX_Script-Regular.fe9cbbe1.ttf]
[combatendo-a-dengue-boprbru.gamma.site/_next/static/media/KaTeX_Size1-Regular.eae34984.woff2]
[combatendo-a-dengue-boprbru.gamma.site/_next/static/media/KaTeX_Size1-Regular.e1e279cb.woff]
[combatendo-a-dengue-boprbru.gamma.site/_next/static/media/KaTeX_Size1-Regular.fabc004a.ttf]
[combatendo-a-dengue-boprbru.gamma.site/_next/static/media/KaTeX_Size2-Regular.5916a24f.woff2]
[combatendo-a-dengue-boprbru.gamma.site/_next/static/media/KaTeX_Size2-Regular.57727022.woff]
[combatendo-a-dengue-boprbru.gamma.site/_next/static/media/KaTeX_Size2-Regular.d6b476ec.ttf]
[combatendo-a-dengue-boprbru.gamma.site/_next/static/media/KaTeX_Size3-Regular.b4230e7e.woff2]
[combatendo-a-dengue-boprbru.gamma.site/_next/static/media/KaTeX_Size3-Regular.9acaf01c.woff]
[combatendo-a-dengue-boprbru.gamma.site/_next/static/media/KaTeX_Size3-Regular.a144ef58.ttf]
[combatendo-a-dengue-boprbru.gamma.site/_next/static/media/KaTeX_Size4-Regular.10d95fd3.woff2]
[combatendo-a-dengue-boprbru.gamma.site/_next/static/media/KaTeX_Size4-Regular.7a996c9d.woff]
[combatendo-a-dengue-boprbru.gamma.site/_next/static/media/KaTeX_Size4-Regular.fbccdabe.ttf]
[combatendo-a-dengue-boprbru.gamma.site/_next/static/media/KaTeX_Typewriter-Regular.a8709e36.woff2]
[combatendo-a-dengue-boprbru.gamma.site/_next/static/media/KaTeX_Typewriter-Regular.6258592b.woff]
[combatendo-a-dengue-boprbru.gamma.site/_next/static/media/KaTeX_Typewriter-Regular.d97aaf4a.ttf]
[combatendo-a-dengue-boprbru.gamma.site/_next/static/css/7f1bf32feb6a8541.css]
[combatendo-a-dengue-boprbru.gamma.site/_next/static/css/c5909dc245a8df8d.css]
[imgproxy.gamma.app/resize/quality/resizing_type_fit/width_400/blur_50/https_/cdn.gamma.app/4a0a1a99vf3qef9/6f37bccf1f4643d792fa1c9f17bedef5/original/150731181755-dengue-insectici]
[imgproxy.gamma.app/resize/quality/resizing_type_fit/width_1200/https_/cdn.gamma.app/4a0a1a99vf3qef9/6f37bccf1f4643d792fa1c9f17bedef5/original/150731181755-dengue-insecticide-spra]
[imgproxy.gamma.app/resize/quality/resizing_type_fit/width_1000/height_1000/https_/cdn.gamma.app/4a0a1a99vf3qef9/d4e959d12d7f441eb53601d2ff3406ab/original/3831b16d-8658-4238-8c4b-]
[imgproxy.gamma.app/resize/quality/resizing_type_fit/width_1000/height_1000/https_/cdn.gamma.app/4a0a1a99vf3qef9/7b9f042d74d344f28ab42968bab21045/original/5dde9511-b0d6-4fdc-b0d0-]
[imgproxy.gamma.app/resize/quality/resizing_type_fit/width_1000/height_1000/https_/cdn.gamma.app/4a0a1a99vf3qef9/a0f973ea2e914b918ceba0b0d2fe5131/original/41fcb3e5-a618-44cc-bc58-]
[combatendo-a-dengue-boprbru.gamma.site/_next/static/media/GammaLogoGradient.43edb67f.svg]
[combatendo-a-dengue-boprbru.gamma.site/syllab.html]
